[2025-09-04 21:40:46] Starting project sync from local machine...
[2025-09-04 21:40:46] Loaded 0 items from local_manifest.json.
[2025-09-04 21:43:31] Scanned 795 files from project directory.
[2025-09-04 21:43:31] Detected ADDED: .htaccess
[2025-09-04 21:43:31] Detected ADDED: .vscode\settings.json
[2025-09-04 21:43:31] Detected ADDED: @media\.htaccess
[2025-09-04 21:43:31] Detected ADDED: @media\404.jpg
[2025-09-04 21:43:31] Detected ADDED: @media\img_6884d5c9b27446.46468815.png
[2025-09-04 21:43:31] Detected ADDED: @media\img_6884da02964821.33789355.png
[2025-09-04 21:43:32] Detected ADDED: @media\img_6884da20630c51.31661783.png
[2025-09-04 21:43:32] Detected ADDED: @media\img_6884ee1fe71237.15319079.jpg
[2025-09-04 21:43:32] Detected ADDED: @media\img_6884f34077f130.35366123.png
[2025-09-04 21:43:32] Detected ADDED: @media\img_6884fb0f9b8c06.14356789.jpg
[2025-09-04 21:43:32] Detected ADDED: @media\img_6885234d059196.57381776.jpg
[2025-09-04 21:43:32] Detected ADDED: @media\img_688524856c0f74.25160358.jpg
[2025-09-04 21:43:32] Detected ADDED: @media\img_688526fdb31986.15099078.jpg
[2025-09-04 21:43:32] Detected ADDED: @media\img_6890eaeb76b035.48688002.jpg
[2025-09-04 21:43:32] Detected ADDED: @media\img_6890eb39a08f15.23306244.jpeg
[2025-09-04 21:43:32] Detected ADDED: @media\img_68912487420453.31642276.jpeg
[2025-09-04 21:43:32] Detected ADDED: @media\img_689124a2525552.31408066.png
[2025-09-04 21:43:32] Detected ADDED: @media\img_68912fac88c727.21976021.webp
[2025-09-04 21:43:32] Detected ADDED: @media\img_689130f23f6c94.12720583.webp
[2025-09-04 21:43:32] Detected ADDED: @media\index.php
[2025-09-04 21:43:32] Detected ADDED: @media\media.php
[2025-09-04 21:43:32] Detected ADDED: @rescources\.htaccess
[2025-09-04 21:43:32] Detected ADDED: @rescources\index.php
[2025-09-04 21:43:32] Detected ADDED: @rescources\sources.php
[2025-09-04 21:43:32] Detected ADDED: @scripts\.htaccess
[2025-09-04 21:43:32] Detected ADDED: @scripts\Debug.log
[2025-09-04 21:43:32] Detected ADDED: @scripts\index.php
[2025-09-04 21:43:32] Detected ADDED: @scripts\scripts.php
[2025-09-04 21:43:32] Detected ADDED: bin\error-report.pxy
[2025-09-04 21:43:32] Detected ADDED: composer\composer.php
[2025-09-04 21:43:33] Detected ADDED: composer\composer_function.php
[2025-09-04 21:43:33] Detected ADDED: composer\config.php
[2025-09-04 21:43:33] Detected ADDED: config.php
[2025-09-04 21:43:33] Detected ADDED: control-panel\api\callback.php
[2025-09-04 21:43:33] Detected ADDED: control-panel\api\functions.php
[2025-09-04 21:43:33] Detected ADDED: control-panel\api\index.php
[2025-09-04 21:43:33] Detected ADDED: control-panel\api\ret.json
[2025-09-04 21:43:33] Detected ADDED: control-panel\api\script-handler.php
[2025-09-04 21:43:33] Detected ADDED: control-panel\api\token.txt
[2025-09-04 21:43:33] Detected ADDED: control-panel\bin\dependencies\icon.pxy
[2025-09-04 21:43:33] Detected ADDED: control-panel\bin\encryption.source.pack.php
[2025-09-04 21:43:33] Detected ADDED: control-panel\bin\github_services\cloudflare
[2025-09-04 21:43:33] Detected ADDED: control-panel\bin\github_services\dmz.php
[2025-09-04 21:43:33] Detected ADDED: control-panel\bin\github_services\examples.php
[2025-09-04 21:43:33] Detected ADDED: control-panel\bin\github_services\function.php
[2025-09-04 21:43:33] Detected ADDED: control-panel\bin\github_services\module.get_a_repository.php
[2025-09-04 21:43:34] Detected ADDED: control-panel\bin\github_services\module.repository.create-readme.php
[2025-09-04 21:43:34] Detected ADDED: control-panel\bin\github_services\module.repository.get.contents.php
[2025-09-04 21:43:34] Detected ADDED: control-panel\bin\github_services\modules.ai.php
[2025-09-04 21:43:34] Detected ADDED: control-panel\bin\github_services\modules.authentication.php
[2025-09-04 21:43:34] Detected ADDED: control-panel\bin\github_services\modules.folder-transfer.php
[2025-09-04 21:43:34] Detected ADDED: control-panel\bin\github_services\modules.repository.create.contents.php
[2025-09-04 21:43:34] Detected ADDED: control-panel\bin\github_services\modules.repository.create.php
[2025-09-04 21:43:34] Detected ADDED: control-panel\bin\github_services\modules.repository.domains.php
[2025-09-04 21:43:34] Detected ADDED: control-panel\bin\github_services\modules.repository.update.php
[2025-09-04 21:43:34] Detected ADDED: control-panel\bin\github_services\modules.subdomain.registration.php
[2025-09-04 21:43:34] Detected ADDED: control-panel\bin\github_services\phase3
[2025-09-04 21:43:34] Detected ADDED: control-panel\bin\github_services\service.module.repository.create.php
[2025-09-04 21:43:34] Detected ADDED: control-panel\bin\github_services\service.module.repository.get.php
[2025-09-04 21:43:34] Detected ADDED: control-panel\bin\github_services\zlost--module.list_organization_repositories.php
[2025-09-04 21:43:34] Detected ADDED: control-panel\bin\github_services\zlost-modules.repository.update.php
[2025-09-04 21:43:34] Detected ADDED: control-panel\bin\scrambler.source.pack.php
[2025-09-04 21:43:35] Detected ADDED: control-panel\bin\website.source.pack.php
[2025-09-04 21:43:35] Detected ADDED: control-panel\control-panel\.htaccess
[2025-09-04 21:43:35] Detected ADDED: control-panel\control-panel\@media\.htaccess
[2025-09-04 21:43:36] Detected ADDED: control-panel\control-panel\@media\index.php
[2025-09-04 21:43:36] Detected ADDED: control-panel\control-panel\@media\media.php
[2025-09-04 21:43:36] Detected ADDED: control-panel\control-panel\blade.footer.php
[2025-09-04 21:43:36] Detected ADDED: control-panel\control-panel\blade.header.enlist.php
[2025-09-04 21:43:36] Detected ADDED: control-panel\control-panel\blade.header.php
[2025-09-04 21:43:36] Detected ADDED: control-panel\control-panel\blade.navbar.php
[2025-09-04 21:43:36] Detected ADDED: control-panel\control-panel\blade.navbar.sidebar.php
[2025-09-04 21:43:36] Detected ADDED: control-panel\control-panel\blog-example.html
[2025-09-04 21:43:36] Detected ADDED: control-panel\control-panel\blog-implementation.js
[2025-09-04 21:43:36] Detected ADDED: control-panel\control-panel\cindex.html
[2025-09-04 21:43:36] Detected ADDED: control-panel\control-panel\config.php
[2025-09-04 21:43:36] Detected ADDED: control-panel\control-panel\error-pages\404.blade
[2025-09-04 21:43:36] Detected ADDED: control-panel\control-panel\error-pages\500.blade
[2025-09-04 21:43:36] Detected ADDED: control-panel\control-panel\executables\media-container.php
[2025-09-04 21:43:36] Detected ADDED: control-panel\control-panel\executables\script.configure-admin-url.php
[2025-09-04 21:43:36] Detected ADDED: control-panel\control-panel\executables\script.configure-general-settings.php
[2025-09-04 21:43:36] Detected ADDED: control-panel\control-panel\executables\script.create-category.php
[2025-09-04 21:43:36] Detected ADDED: control-panel\control-panel\executables\script.create-faq.php
[2025-09-04 21:43:36] Detected ADDED: control-panel\control-panel\executables\script.create-product.php
[2025-09-04 21:43:36] Detected ADDED: control-panel\control-panel\executables\script.create-site.php
[2025-09-04 21:43:36] Detected ADDED: control-panel\control-panel\executables\script.create-ticket.php
[2025-09-04 21:43:36] Detected ADDED: control-panel\control-panel\executables\script.delete-faq.php
[2025-09-04 21:43:36] Detected ADDED: control-panel\control-panel\executables\script.media-add.php
[2025-09-04 21:43:36] Detected ADDED: control-panel\control-panel\executables\script.php
[2025-09-04 21:43:36] Detected ADDED: control-panel\control-panel\executables\script.register-site.php
[2025-09-04 21:43:36] Detected ADDED: control-panel\control-panel\executables\script.respond-ticket.php
[2025-09-04 21:43:36] Detected ADDED: control-panel\control-panel\executables\script.update-faq.php
[2025-09-04 21:43:36] Detected ADDED: control-panel\control-panel\favicon.png
[2025-09-04 21:43:36] Detected ADDED: control-panel\control-panel\fingerprint.pxy
[2025-09-04 21:43:36] Detected ADDED: control-panel\control-panel\implementation.js
[2025-09-04 21:43:36] Detected ADDED: control-panel\control-panel\index.php
[2025-09-04 21:43:36] Detected ADDED: control-panel\control-panel\interface.php
[2025-09-04 21:43:36] Detected ADDED: control-panel\control-panel\learn.html
[2025-09-04 21:43:36] Detected ADDED: control-panel\control-panel\lock.head.php
[2025-09-04 21:43:36] Detected ADDED: control-panel\control-panel\pages\advanced.domain.settings.page.php
[2025-09-04 21:43:36] Detected ADDED: control-panel\control-panel\pages\advanced.github.control.page.php
[2025-09-04 21:43:36] Detected ADDED: control-panel\control-panel\pages\cp.category.page.php
[2025-09-04 21:43:36] Detected ADDED: control-panel\control-panel\pages\cp.contact-form.page.php
[2025-09-04 21:43:36] Detected ADDED: control-panel\control-panel\pages\cp.email-settings.page.php
[2025-09-04 21:43:36] Detected ADDED: control-panel\control-panel\pages\cp.faq.page.php
[2025-09-04 21:43:36] Detected ADDED: control-panel\control-panel\pages\cp.inventory.page.php
[2025-09-04 21:43:37] Detected ADDED: control-panel\control-panel\pages\cp.media-library.page.php
[2025-09-04 21:43:37] Detected ADDED: control-panel\control-panel\pages\cp.security.signin.page.php
[2025-09-04 21:43:37] Detected ADDED: control-panel\control-panel\pages\cp.settings.page.php
[2025-09-04 21:43:37] Detected ADDED: control-panel\control-panel\pages\cp.sites.create.page.php
[2025-09-04 21:43:37] Detected ADDED: control-panel\control-panel\pages\cp.sites.home.page.php
[2025-09-04 21:43:37] Detected ADDED: control-panel\control-panel\pages\cp.sites.manager.page.php
[2025-09-04 21:43:37] Detected ADDED: control-panel\control-panel\pages\cp.support.page.php
[2025-09-04 21:43:37] Detected ADDED: control-panel\control-panel\pages\cp.wallet.page.php
[2025-09-04 21:43:37] Detected ADDED: control-panel\control-panel\pages\cp.web-services.page.php
[2025-09-04 21:43:37] Detected ADDED: control-panel\control-panel\pages\modify-pages.website.page.php
[2025-09-04 21:43:37] Detected ADDED: control-panel\control-panel\pages\new-page.website.page.php
[2025-09-04 21:43:37] Detected ADDED: control-panel\control-panel\pages\store.dashboard.page.php
[2025-09-04 21:43:37] Detected ADDED: control-panel\control-panel\pages\store.orders.view.page.php
[2025-09-04 21:43:37] Detected ADDED: control-panel\control-panel\pages\store.products.new.page.php
[2025-09-04 21:43:37] Detected ADDED: control-panel\control-panel\pages\store.products.view.page.php
[2025-09-04 21:43:37] Detected ADDED: control-panel\control-panel\rescources\art\construction.svg
[2025-09-04 21:43:37] Detected ADDED: control-panel\control-panel\rescources\art\invictus.png
[2025-09-04 21:43:37] Detected ADDED: control-panel\control-panel\rescources\icons\delete-icon.png
[2025-09-04 21:43:37] Detected ADDED: control-panel\control-panel\rescources\icons\delete-svgrepo-com.svg
[2025-09-04 21:43:37] Detected ADDED: control-panel\control-panel\rescources\icons\menu.svg
[2025-09-04 21:43:37] Detected ADDED: control-panel\control-panel\rescources\icons\paper-plane.png
[2025-09-04 21:43:37] Detected ADDED: control-panel\control-panel\rescources\icons\yoco.svg
[2025-09-04 21:43:37] Detected ADDED: control-panel\control-panel\rescources\site\favicon.png
[2025-09-04 21:43:37] Detected ADDED: control-panel\control-panel\rescources\site\icon.png
[2025-09-04 21:43:37] Detected ADDED: control-panel\control-panel\rescources\theme\oaklyn\blocks\elements\footer-bottom-material.pack
[2025-09-04 21:43:37] Detected ADDED: control-panel\control-panel\rescources\theme\oaklyn\blocks\elements\footer-category-link.material
[2025-09-04 21:43:37] Detected ADDED: control-panel\control-panel\rescources\theme\oaklyn\blocks\elements\footer-category-material.pack
[2025-09-04 21:43:37] Detected ADDED: control-panel\control-panel\rescources\theme\oaklyn\blocks\materials.json
[2025-09-04 21:43:37] Detected ADDED: control-panel\control-panel\rescources\theme\oaklyn\guide.preview.php
[2025-09-04 21:43:37] Detected ADDED: control-panel\control-panel\rescources\theme\oaklyn\guide.script.php
[2025-09-04 21:43:37] Detected ADDED: control-panel\control-panel\rescources\theme\oaklyn\guide.style.php
[2025-09-04 21:43:37] Detected ADDED: control-panel\control-panel\rescources\theme\oaklyn\Ice-Bear.png
[2025-09-04 21:43:37] Detected ADDED: control-panel\control-panel\rescources\theme\oaklyn\undraw_warning_cyit.png
[2025-09-04 21:43:38] Detected ADDED: control-panel\control-panel\scripts.php
[2025-09-04 21:43:38] Detected ADDED: control-panel\control-panel\serverside\app\advanced-github-reset-records.php
[2025-09-04 21:43:38] Detected ADDED: control-panel\control-panel\serverside\app\new-pages.website.php
[2025-09-04 21:43:38] Detected ADDED: control-panel\control-panel\serverside\app\new-store-products.php
[2025-09-04 21:43:38] Detected ADDED: control-panel\control-panel\serverside\application.php
[2025-09-04 21:43:38] Detected ADDED: control-panel\control-panel\serverside\background-services.php
[2025-09-04 21:43:38] Detected ADDED: control-panel\control-panel\serverside\bin\process.advanced-github.php
[2025-09-04 21:43:38] Detected ADDED: control-panel\control-panel\serverside\bin\process.conceal.php
[2025-09-04 21:43:38] Detected ADDED: control-panel\control-panel\serverside\bin\process.denied.php
[2025-09-04 21:43:38] Detected ADDED: control-panel\control-panel\serverside\bin\process.domain-settings.php
[2025-09-04 21:43:38] Detected ADDED: control-panel\control-panel\serverside\bin\process.menu-storage.php
[2025-09-04 21:43:38] Detected ADDED: control-panel\control-panel\serverside\bin\process.new-products.php
[2025-09-04 21:43:38] Detected ADDED: control-panel\control-panel\serverside\bin\process.store-orders.php
[2025-09-04 21:43:38] Detected ADDED: control-panel\control-panel\serverside\bin\process.store-products.php
[2025-09-04 21:43:38] Detected ADDED: control-panel\control-panel\serverside\process.php
[2025-09-04 21:43:38] Detected ADDED: control-panel\control-panel\systemctrl.php
[2025-09-04 21:43:38] Detected ADDED: control-panel\control-panel\teach.html
[2025-09-04 21:43:38] Detected ADDED: control-panel\control-panel\trash\profile.png
[2025-09-04 21:43:38] Detected ADDED: control-panel\control-panel\wiseman-serverside\api.notes.php
[2025-09-04 21:43:38] Detected ADDED: control-panel\control-panel\wiseman-serverside\api.php
[2025-09-04 21:43:38] Detected ADDED: control-panel\control-panel\wiseman-serverside\application.php
[2025-09-04 21:43:38] Detected ADDED: control-panel\control-panel\wiseman-serverside\app_pages\404.page
[2025-09-04 21:43:38] Detected ADDED: control-panel\control-panel\wiseman-serverside\app_pages\article.page.htm
[2025-09-04 21:43:38] Detected ADDED: control-panel\control-panel\wiseman-serverside\app_pages\configuration.page
[2025-09-04 21:43:38] Detected ADDED: control-panel\control-panel\wiseman-serverside\app_pages\create-menu.html
[2025-09-04 21:43:38] Detected ADDED: control-panel\control-panel\wiseman-serverside\app_pages\new-article.page.htm
[2025-09-04 21:43:38] Detected ADDED: control-panel\control-panel\wiseman-serverside\app_pages\note_pages.page.html
[2025-09-04 21:43:39] Detected ADDED: control-panel\control-panel\wiseman-serverside\app_pages\profile.page.htm
[2025-09-04 21:43:39] Detected ADDED: control-panel\control-panel\wiseman-serverside\app_pages\signin.page.htm
[2025-09-04 21:43:39] Detected ADDED: control-panel\control-panel\wiseman-serverside\app_pages\site-menu.html
[2025-09-04 21:43:39] Detected ADDED: control-panel\control-panel\wiseman-serverside\app_pages\site-theme.html
[2025-09-04 21:43:39] Detected ADDED: control-panel\control-panel\wiseman-serverside\app_pages\unregistered.page
[2025-09-04 21:43:39] Detected ADDED: control-panel\control-panel\wiseman-serverside\app_pages\wiseman.blog
[2025-09-04 21:43:39] Detected ADDED: control-panel\control-panel\wiseman-serverside\blog\datacenter\profile.records.file.pxy
[2025-09-04 21:43:39] Detected ADDED: control-panel\control-panel\wiseman-serverside\blog\datacenter\site_forest.records.file.pxy
[2025-09-04 21:43:39] Detected ADDED: control-panel\control-panel\wiseman-serverside\blog\datacenter\theme_forest.records.file.pxy
[2025-09-04 21:43:39] Detected ADDED: control-panel\control-panel\wiseman-serverside\blog\register\license\3c537dfed361e16ca9224c727f8d9b0f225a8fd7021131a3cdd4c652160a9c50.download.pxy
[2025-09-04 21:43:39] Detected ADDED: control-panel\control-panel\wiseman-serverside\blog\register\license\e5b40777b3f556bdb69d1d6e515287916482b274289ba8a6701f21d6e78fb095.download.pxy
[2025-09-04 21:43:39] Detected ADDED: control-panel\control-panel\wiseman-serverside\blog\register\license\trash
[2025-09-04 21:43:39] Detected ADDED: control-panel\control-panel\wiseman-serverside\blog\register\register.pxy
[2025-09-04 21:43:39] Detected ADDED: control-panel\control-panel\wiseman-serverside\blog\register\token.lock
[2025-09-04 21:43:39] Detected ADDED: control-panel\control-panel\wiseman-serverside\config.php
[2025-09-04 21:43:39] Detected ADDED: control-panel\control-panel\wiseman-serverside\database.services.php
[2025-09-04 21:43:39] Detected ADDED: control-panel\control-panel\wiseman-serverside\downloads.php
[2025-09-04 21:43:39] Detected ADDED: control-panel\control-panel\wiseman-serverside\encryption.php
[2025-09-04 21:43:39] Detected ADDED: control-panel\control-panel\wiseman-serverside\engine.kiddlescript.php
[2025-09-04 21:43:39] Detected ADDED: control-panel\control-panel\wiseman-serverside\notes.services.php
[2025-09-04 21:43:39] Detected ADDED: control-panel\control-panel\wiseman-serverside\pages.services.php
[2025-09-04 21:43:40] Detected ADDED: control-panel\control-panel\wiseman-serverside\register.php
[2025-09-04 21:43:40] Detected ADDED: control-panel\control-panel\wiseman-serverside\services.php
[2025-09-04 21:43:40] Detected ADDED: control-panel\db-startup.php
[2025-09-04 21:43:40] Detected ADDED: control-panel\intergrate\buils.php
[2025-09-04 21:43:40] Detected ADDED: control-panel\intergrate\footer.php
[2025-09-04 21:43:40] Detected ADDED: control-panel\intergrate\header.php
[2025-09-04 21:43:40] Detected ADDED: control-panel\intergrate\navbar.php
[2025-09-04 21:43:40] Detected ADDED: control-panel\intergrate\page.build.php
[2025-09-04 21:43:40] Detected ADDED: control-panel\intergrate\profile.blade.php
[2025-09-04 21:43:40] Detected ADDED: control-panel\intergrate\scriots.blade.php
[2025-09-04 21:43:40] Detected ADDED: control-panel\intergrate\ìndex.php
[2025-09-04 21:43:40] Detected ADDED: control-panel\module.ai.php
[2025-09-04 21:43:40] Detected ADDED: control-panel\module.apiflow.php
[2025-09-04 21:43:40] Detected ADDED: control-panel\module.blockchain.php
[2025-09-04 21:43:40] Detected ADDED: control-panel\module.database.php
[2025-09-04 21:43:40] Detected ADDED: control-panel\module.encryption.php
[2025-09-04 21:43:40] Detected ADDED: control-panel\module.engine.php
[2025-09-04 21:43:40] Detected ADDED: control-panel\module.github.control.php
[2025-09-04 21:43:40] Detected ADDED: control-panel\module.media-stegnography.php
[2025-09-04 21:43:40] Detected ADDED: control-panel\module.scrambler.php
[2025-09-04 21:43:40] Detected ADDED: control-panel\module.website.php
[2025-09-04 21:43:40] Detected ADDED: control-panel\package-manager.php
[2025-09-04 21:43:40] Detected ADDED: control-panel\rescources\theme\oaklyn\blocks\elements\footer-bottom-material.pack
[2025-09-04 21:43:40] Detected ADDED: control-panel\rescources\theme\oaklyn\blocks\elements\footer-category-link.material
[2025-09-04 21:43:40] Detected ADDED: control-panel\rescources\theme\oaklyn\blocks\elements\footer-category-material.pack
[2025-09-04 21:43:40] Detected ADDED: control-panel\rescources\theme\oaklyn\blocks\materials.json
[2025-09-04 21:43:40] Detected ADDED: control-panel\rescources\theme\oaklyn\guide.preview.php
[2025-09-04 21:43:40] Detected ADDED: control-panel\rescources\theme\oaklyn\guide.script.php
[2025-09-04 21:43:40] Detected ADDED: control-panel\rescources\theme\oaklyn\guide.style.php
[2025-09-04 21:43:40] Detected ADDED: control-panel\rescources\theme\oaklyn\Ice-Bear.png
[2025-09-04 21:43:40] Detected ADDED: control-panel\sharie_image.png
[2025-09-04 21:43:40] Detected ADDED: control-panel\trash\data-export.moule.php
[2025-09-04 21:43:41] Detected ADDED: control-panel\trash\product.crumbs.pxy
[2025-09-04 21:43:41] Detected ADDED: control-panel\trash\product.guide.pxy
[2025-09-04 21:43:41] Detected ADDED: control-panel\trash\shoprite-scraper.php
[2025-09-04 21:43:41] Detected ADDED: control-panel\trash\STAT.PTA
[2025-09-04 21:43:41] Detected ADDED: control-panel\trash\STAT.PY
[2025-09-04 21:43:41] Detected ADDED: control-panel\trash\t.php
[2025-09-04 21:43:41] Detected ADDED: control-panel\trash\template-sameple\bin\h1.elements.pack
[2025-09-04 21:43:41] Detected ADDED: control-panel\trash\template-sameple\bin\header-container.elements.pack
[2025-09-04 21:43:41] Detected ADDED: control-panel\trash\template-sameple\bin\header-logo.elements.pack
[2025-09-04 21:43:41] Detected ADDED: control-panel\trash\template-sameple\bin\header-nav-link.elements.pack
[2025-09-04 21:43:41] Detected ADDED: control-panel\trash\template-sameple\bin\header-nav.elements.pack
[2025-09-04 21:43:41] Detected ADDED: control-panel\trash\template-sameple\bin\header.elements.pack
[2025-09-04 21:43:41] Detected ADDED: control-panel\trash\template-sameple\bin\menu.block.pack
[2025-09-04 21:43:41] Detected ADDED: control-panel\trash\template-sameple\bin\preview.pxy
[2025-09-04 21:43:41] Detected ADDED: control-panel\trash\template-sameple\bin\style\guide.pxy
[2025-09-04 21:43:41] Detected ADDED: control-panel\trash\template-sameple\export.php
[2025-09-04 21:43:41] Detected ADDED: control-panel\trash\template-sameple\quest.pxy
[2025-09-04 21:43:41] Detected ADDED: control-panel\trash\template-sameple\rescources\cover-image.png
[2025-09-04 21:43:41] Detected ADDED: control-panel\trash\template-sameple\session.log.hash.report.pxy
[2025-09-04 21:43:41] Detected ADDED: control-panel\trash\template-sameple\t.php
[2025-09-04 21:43:41] Detected ADDED: control-panel\trash\template-sameple\t.y
[2025-09-04 21:43:41] Detected ADDED: control-panel\trash\template-sameple\theme-module.anchor.php
[2025-09-04 21:43:41] Detected ADDED: control-panel\trash\test.php
[2025-09-04 21:43:41] Detected ADDED: control-panel\website-builder\canvas\index.php
[2025-09-04 21:43:41] Detected ADDED: control-panel\website-builder\engines\block.blade.interface.php
[2025-09-04 21:43:42] Detected ADDED: control-panel\website-builder\engines\blocks.blade.php
[2025-09-04 21:43:42] Detected ADDED: control-panel\website-builder\engines\canvas.interface.php
[2025-09-04 21:43:42] Detected ADDED: control-panel\website-builder\engines\classes.php
[2025-09-04 21:43:42] Detected ADDED: control-panel\website-builder\engines\constructor.engine.php
[2025-09-04 21:43:42] Detected ADDED: control-panel\website-builder\engines\interface.canvas.blade.php
[2025-09-04 21:43:42] Detected ADDED: control-panel\website-builder\engines\interface.inspector.blade.php
[2025-09-04 21:43:42] Detected ADDED: control-panel\website-builder\engines\interface.navbar.blade.php
[2025-09-04 21:43:42] Detected ADDED: control-panel\website-builder\engines\module.engine.php
[2025-09-04 21:43:42] Detected ADDED: control-panel\website-builder\frames\plan.html
[2025-09-04 21:43:42] Detected ADDED: control-panel\website-builder\frames\te.html
[2025-09-04 21:43:42] Detected ADDED: control-panel\website-builder\index.php
[2025-09-04 21:43:42] Detected ADDED: control-panel\website-builder\interface.php
[2025-09-04 21:43:42] Detected ADDED: control-panel\website-builder\preview\404.page.php
[2025-09-04 21:43:42] Detected ADDED: control-panel\website-builder\preview\api.call.php
[2025-09-04 21:43:42] Detected ADDED: control-panel\website-builder\preview\api.call.py
[2025-09-04 21:43:42] Detected ADDED: control-panel\website-builder\preview\docs\5456231165266328221\css\.DS_Store
[2025-09-04 21:43:43] Detected ADDED: control-panel\website-builder\preview\docs\5456231165266328221\css\animate.min.css
[2025-09-04 21:43:43] Detected ADDED: control-panel\website-builder\preview\docs\5456231165266328221\css\aos.css
[2025-09-04 21:43:43] Detected ADDED: control-panel\website-builder\preview\docs\5456231165266328221\css\bootstrap.min.css
[2025-09-04 21:43:43] Detected ADDED: control-panel\website-builder\preview\docs\5456231165266328221\css\jquery.fancybox.min.css
[2025-09-04 21:43:43] Detected ADDED: control-panel\website-builder\preview\docs\5456231165266328221\css\mixins\_base.css
[2025-09-04 21:43:43] Detected ADDED: control-panel\website-builder\preview\docs\5456231165266328221\css\mixins\_deprecate.css
[2025-09-04 21:43:43] Detected ADDED: control-panel\website-builder\preview\docs\5456231165266328221\css\mixins\_nav-divider.css
[2025-09-04 21:43:43] Detected ADDED: control-panel\website-builder\preview\docs\5456231165266328221\css\mixins\_text-truncate.css
[2025-09-04 21:43:43] Detected ADDED: control-panel\website-builder\preview\docs\5456231165266328221\css\owl.carousel.min.css
[2025-09-04 21:43:43] Detected ADDED: control-panel\website-builder\preview\docs\5456231165266328221\css\owl.theme.default.min.css
[2025-09-04 21:43:43] Detected ADDED: control-panel\website-builder\preview\docs\5456231165266328221\css\style.css
[2025-09-04 21:43:43] Detected ADDED: control-panel\website-builder\preview\docs\5456231165266328221\css\_functions.css
[2025-09-04 21:43:43] Detected ADDED: control-panel\website-builder\preview\docs\5456231165266328221\css\_mixins.css
[2025-09-04 21:43:43] Detected ADDED: control-panel\website-builder\preview\docs\5456231165266328221\css\_site-blocks.css
[2025-09-04 21:43:43] Detected ADDED: control-panel\website-builder\preview\docs\5456231165266328221\Email.txt
[2025-09-04 21:43:43] Detected ADDED: control-panel\website-builder\preview\docs\5456231165266328221\favicon.png
[2025-09-04 21:43:43] Detected ADDED: control-panel\website-builder\preview\docs\5456231165266328221\fonts\.DS_Store
[2025-09-04 21:43:43] Detected ADDED: control-panel\website-builder\preview\docs\5456231165266328221\fonts\feather\.DS_Store
[2025-09-04 21:43:43] Detected ADDED: control-panel\website-builder\preview\docs\5456231165266328221\fonts\feather\demo-files\demo.css
[2025-09-04 21:43:43] Detected ADDED: control-panel\website-builder\preview\docs\5456231165266328221\fonts\feather\demo-files\demo.js
[2025-09-04 21:43:43] Detected ADDED: control-panel\website-builder\preview\docs\5456231165266328221\fonts\feather\demo.html
[2025-09-04 21:43:43] Detected ADDED: control-panel\website-builder\preview\docs\5456231165266328221\fonts\feather\fonts\feather.eot
[2025-09-04 21:43:43] Detected ADDED: control-panel\website-builder\preview\docs\5456231165266328221\fonts\feather\fonts\feather.svg
[2025-09-04 21:43:43] Detected ADDED: control-panel\website-builder\preview\docs\5456231165266328221\fonts\feather\fonts\feather.ttf
[2025-09-04 21:43:43] Detected ADDED: control-panel\website-builder\preview\docs\5456231165266328221\fonts\feather\fonts\feather.woff
[2025-09-04 21:43:43] Detected ADDED: control-panel\website-builder\preview\docs\5456231165266328221\fonts\feather\selection.json
[2025-09-04 21:43:44] Detected ADDED: control-panel\website-builder\preview\docs\5456231165266328221\fonts\feather\style.css
[2025-09-04 21:43:44] Detected ADDED: control-panel\website-builder\preview\docs\5456231165266328221\fonts\flaticon\.DS_Store
[2025-09-04 21:43:44] Detected ADDED: control-panel\website-builder\preview\docs\5456231165266328221\fonts\flaticon\backup.txt
[2025-09-04 21:43:44] Detected ADDED: control-panel\website-builder\preview\docs\5456231165266328221\fonts\flaticon\font\flaticon.css
[2025-09-04 21:43:44] Detected ADDED: control-panel\website-builder\preview\docs\5456231165266328221\fonts\flaticon\font\flaticon.eot
[2025-09-04 21:43:44] Detected ADDED: control-panel\website-builder\preview\docs\5456231165266328221\fonts\flaticon\font\flaticon.html
[2025-09-04 21:43:44] Detected ADDED: control-panel\website-builder\preview\docs\5456231165266328221\fonts\flaticon\font\flaticon.scss
[2025-09-04 21:43:44] Detected ADDED: control-panel\website-builder\preview\docs\5456231165266328221\fonts\flaticon\font\flaticon.svg
[2025-09-04 21:43:44] Detected ADDED: control-panel\website-builder\preview\docs\5456231165266328221\fonts\flaticon\font\flaticon.ttf
[2025-09-04 21:43:44] Detected ADDED: control-panel\website-builder\preview\docs\5456231165266328221\fonts\flaticon\font\flaticon.woff
[2025-09-04 21:43:44] Detected ADDED: control-panel\website-builder\preview\docs\5456231165266328221\fonts\flaticon\font\flaticon.woff2
[2025-09-04 21:43:44] Detected ADDED: control-panel\website-builder\preview\docs\5456231165266328221\fonts\flaticon\license\license.html
[2025-09-04 21:43:44] Detected ADDED: control-panel\website-builder\preview\docs\5456231165266328221\fonts\icomoon\demo-files\demo.css
[2025-09-04 21:43:44] Detected ADDED: control-panel\website-builder\preview\docs\5456231165266328221\fonts\icomoon\demo-files\demo.js
[2025-09-04 21:43:44] Detected ADDED: control-panel\website-builder\preview\docs\5456231165266328221\fonts\icomoon\demo.html
[2025-09-04 21:43:44] Detected ADDED: control-panel\website-builder\preview\docs\5456231165266328221\fonts\icomoon\fonts\icomoon.eot
[2025-09-04 21:43:44] Detected ADDED: control-panel\website-builder\preview\docs\5456231165266328221\fonts\icomoon\fonts\icomoon.svg
[2025-09-04 21:43:44] Detected ADDED: control-panel\website-builder\preview\docs\5456231165266328221\fonts\icomoon\fonts\icomoon.ttf
[2025-09-04 21:43:44] Detected ADDED: control-panel\website-builder\preview\docs\5456231165266328221\fonts\icomoon\fonts\icomoon.woff
[2025-09-04 21:43:44] Detected ADDED: control-panel\website-builder\preview\docs\5456231165266328221\fonts\icomoon\selection.json
[2025-09-04 21:43:44] Detected ADDED: control-panel\website-builder\preview\docs\5456231165266328221\fonts\icomoon\style.css
[2025-09-04 21:43:44] Detected ADDED: control-panel\website-builder\preview\docs\5456231165266328221\images\.DS_Store
[2025-09-04 21:43:44] Detected ADDED: control-panel\website-builder\preview\docs\5456231165266328221\images\A.jpg
[2025-09-04 21:43:44] Detected ADDED: control-panel\website-builder\preview\docs\5456231165266328221\images\B.jpg
[2025-09-04 21:43:44] Detected ADDED: control-panel\website-builder\preview\docs\5456231165266328221\images\C.jpg
[2025-09-04 21:43:44] Detected ADDED: control-panel\website-builder\preview\docs\5456231165266328221\images\d1.jpg
[2025-09-04 21:43:44] Detected ADDED: control-panel\website-builder\preview\docs\5456231165266328221\images\dotted.png
[2025-09-04 21:43:45] Detected ADDED: control-panel\website-builder\preview\docs\5456231165266328221\images\esentials.jpg
[2025-09-04 21:43:45] Detected ADDED: control-panel\website-builder\preview\docs\5456231165266328221\images\essent.jpg
[2025-09-04 21:43:45] Detected ADDED: control-panel\website-builder\preview\docs\5456231165266328221\images\F.png
[2025-09-04 21:43:45] Detected ADDED: control-panel\website-builder\preview\docs\5456231165266328221\images\graphic.jpg
[2025-09-04 21:43:45] Detected ADDED: control-panel\website-builder\preview\docs\5456231165266328221\images\H1.jpeg
[2025-09-04 21:43:45] Detected ADDED: control-panel\website-builder\preview\docs\5456231165266328221\images\h2.webp
[2025-09-04 21:43:45] Detected ADDED: control-panel\website-builder\preview\docs\5456231165266328221\images\hero-min.jpg
[2025-09-04 21:43:45] Detected ADDED: control-panel\website-builder\preview\docs\5456231165266328221\images\Ice-Bear-174x38.png
[2025-09-04 21:43:45] Detected ADDED: control-panel\website-builder\preview\docs\5456231165266328221\images\IMG-20220218-WA0021.jpg
[2025-09-04 21:43:45] Detected ADDED: control-panel\website-builder\preview\docs\5456231165266328221\images\IMG-20220218-WA0023.jpg
[2025-09-04 21:43:45] Detected ADDED: control-panel\website-builder\preview\docs\5456231165266328221\images\img_h_1-min.jpg
[2025-09-04 21:43:45] Detected ADDED: control-panel\website-builder\preview\docs\5456231165266328221\images\img_h_2-min.jpg
[2025-09-04 21:43:45] Detected ADDED: control-panel\website-builder\preview\docs\5456231165266328221\images\img_h_3-min.jpg
[2025-09-04 21:43:45] Detected ADDED: control-panel\website-builder\preview\docs\5456231165266328221\images\img_h_4-min.jpg
[2025-09-04 21:43:45] Detected ADDED: control-panel\website-builder\preview\docs\5456231165266328221\images\img_h_5-min.jpg
[2025-09-04 21:43:45] Detected ADDED: control-panel\website-builder\preview\docs\5456231165266328221\images\img_h_6-min.jpg
[2025-09-04 21:43:45] Detected ADDED: control-panel\website-builder\preview\docs\5456231165266328221\images\img_h_7-min.jpg
[2025-09-04 21:43:45] Detected ADDED: control-panel\website-builder\preview\docs\5456231165266328221\images\img_h_8-min.jpg
[2025-09-04 21:43:45] Detected ADDED: control-panel\website-builder\preview\docs\5456231165266328221\images\img_v_1-min.jpg
[2025-09-04 21:43:45] Detected ADDED: control-panel\website-builder\preview\docs\5456231165266328221\images\img_v_1-slider-min.jpg
[2025-09-04 21:43:45] Detected ADDED: control-panel\website-builder\preview\docs\5456231165266328221\images\img_v_2-min.jpg
[2025-09-04 21:43:45] Detected ADDED: control-panel\website-builder\preview\docs\5456231165266328221\images\img_v_2-slider-min.jpg
[2025-09-04 21:43:45] Detected ADDED: control-panel\website-builder\preview\docs\5456231165266328221\images\img_v_3-min.jpg
[2025-09-04 21:43:45] Detected ADDED: control-panel\website-builder\preview\docs\5456231165266328221\images\img_v_3-slider-min.jpg
[2025-09-04 21:43:46] Detected ADDED: control-panel\website-builder\preview\docs\5456231165266328221\images\img_v_4-min.jpg
[2025-09-04 21:43:46] Detected ADDED: control-panel\website-builder\preview\docs\5456231165266328221\images\img_v_4-slider-min.jpg
[2025-09-04 21:43:46] Detected ADDED: control-panel\website-builder\preview\docs\5456231165266328221\images\img_v_4.jpg
[2025-09-04 21:43:46] Detected ADDED: control-panel\website-builder\preview\docs\5456231165266328221\images\img_v_5-min.jpg
[2025-09-04 21:43:46] Detected ADDED: control-panel\website-builder\preview\docs\5456231165266328221\images\img_v_6-min.jpg
[2025-09-04 21:43:46] Detected ADDED: control-panel\website-builder\preview\docs\5456231165266328221\images\img_v_7-min.jpg
[2025-09-04 21:43:47] Detected ADDED: control-panel\website-builder\preview\docs\5456231165266328221\images\img_v_8-min.jpg
[2025-09-04 21:43:47] Detected ADDED: control-panel\website-builder\preview\docs\5456231165266328221\images\K.jpg
[2025-09-04 21:43:47] Detected ADDED: control-panel\website-builder\preview\docs\5456231165266328221\images\L.jpg
[2025-09-04 21:43:47] Detected ADDED: control-panel\website-builder\preview\docs\5456231165266328221\images\logo-adobe.png
[2025-09-04 21:43:47] Detected ADDED: control-panel\website-builder\preview\docs\5456231165266328221\images\logo-essentials.png
[2025-09-04 21:43:47] Detected ADDED: control-panel\website-builder\preview\docs\5456231165266328221\images\logo-google.png
[2025-09-04 21:43:47] Detected ADDED: control-panel\website-builder\preview\docs\5456231165266328221\images\logo-newbalance.png
[2025-09-04 21:43:47] Detected ADDED: control-panel\website-builder\preview\docs\5456231165266328221\images\logo-nike.png
[2025-09-04 21:43:47] Detected ADDED: control-panel\website-builder\preview\docs\5456231165266328221\images\logo-palm.png
[2025-09-04 21:43:47] Detected ADDED: control-panel\website-builder\preview\docs\5456231165266328221\images\logo-paypal.png
[2025-09-04 21:43:47] Detected ADDED: control-panel\website-builder\preview\docs\5456231165266328221\images\logo-puma.png
[2025-09-04 21:43:47] Detected ADDED: control-panel\website-builder\preview\docs\5456231165266328221\images\logo-vans.png
[2025-09-04 21:43:47] Detected ADDED: control-panel\website-builder\preview\docs\5456231165266328221\images\N.jpg
[2025-09-04 21:43:47] Detected ADDED: control-panel\website-builder\preview\docs\5456231165266328221\images\nike.jpg
[2025-09-04 21:43:47] Detected ADDED: control-panel\website-builder\preview\docs\5456231165266328221\images\overlay.svg
[2025-09-04 21:43:47] Detected ADDED: control-panel\website-builder\preview\docs\5456231165266328221\images\P.jpg
[2025-09-04 21:43:47] Detected ADDED: control-panel\website-builder\preview\docs\5456231165266328221\images\person_1-min.jpg
[2025-09-04 21:43:47] Detected ADDED: control-panel\website-builder\preview\docs\5456231165266328221\images\person_2-min.jpg
[2025-09-04 21:43:47] Detected ADDED: control-panel\website-builder\preview\docs\5456231165266328221\images\person_3-min.jpg
[2025-09-04 21:43:47] Detected ADDED: control-panel\website-builder\preview\docs\5456231165266328221\images\person_4-min.jpg
[2025-09-04 21:43:47] Detected ADDED: control-panel\website-builder\preview\docs\5456231165266328221\images\person_5-min.jpg
[2025-09-04 21:43:47] Detected ADDED: control-panel\website-builder\preview\docs\5456231165266328221\images\person_6-min.jpg
[2025-09-04 21:43:47] Detected ADDED: control-panel\website-builder\preview\docs\5456231165266328221\images\QW.jpg
[2025-09-04 21:43:47] Detected ADDED: control-panel\website-builder\preview\docs\5456231165266328221\images\R.jpg
[2025-09-04 21:43:47] Detected ADDED: control-panel\website-builder\preview\docs\5456231165266328221\images\S.jpg
[2025-09-04 21:43:47] Detected ADDED: control-panel\website-builder\preview\docs\5456231165266328221\images\Shirts.jpg
[2025-09-04 21:43:48] Detected ADDED: control-panel\website-builder\preview\docs\5456231165266328221\images\shorts.jpg
[2025-09-04 21:43:48] Detected ADDED: control-panel\website-builder\preview\docs\5456231165266328221\images\slider.jpg
[2025-09-04 21:43:48] Detected ADDED: control-panel\website-builder\preview\docs\5456231165266328221\images\T.jpg
[2025-09-04 21:43:48] Detected ADDED: control-panel\website-builder\preview\docs\5456231165266328221\images\U.jpg
[2025-09-04 21:43:48] Detected ADDED: control-panel\website-builder\preview\docs\5456231165266328221\images\V.jpg
[2025-09-04 21:43:48] Detected ADDED: control-panel\website-builder\preview\docs\5456231165266328221\images\W.jpg
[2025-09-04 21:43:48] Detected ADDED: control-panel\website-builder\preview\docs\5456231165266328221\images\WE.jpg
[2025-09-04 21:43:48] Detected ADDED: control-panel\website-builder\preview\docs\5456231165266328221\images\white-removebg-preview.png
[2025-09-04 21:43:48] Detected ADDED: control-panel\website-builder\preview\docs\5456231165266328221\images\white.png
[2025-09-04 21:43:48] Detected ADDED: control-panel\website-builder\preview\docs\5456231165266328221\images\X.jpg
[2025-09-04 21:43:48] Detected ADDED: control-panel\website-builder\preview\docs\5456231165266328221\images\Y.jpg
[2025-09-04 21:43:48] Detected ADDED: control-panel\website-builder\preview\docs\5456231165266328221\index.html
[2025-09-04 21:43:48] Detected ADDED: control-panel\website-builder\preview\docs\5456231165266328221\js\.DS_Store
[2025-09-04 21:43:48] Detected ADDED: control-panel\website-builder\preview\docs\5456231165266328221\js\aos.js
[2025-09-04 21:43:48] Detected ADDED: control-panel\website-builder\preview\docs\5456231165266328221\js\bootstrap.min.js
[2025-09-04 21:43:48] Detected ADDED: control-panel\website-builder\preview\docs\5456231165266328221\js\custom.js
[2025-09-04 21:43:48] Detected ADDED: control-panel\website-builder\preview\docs\5456231165266328221\js\debug.addIndicators.min.js
[2025-09-04 21:43:48] Detected ADDED: control-panel\website-builder\preview\docs\5456231165266328221\js\imagesloaded.pkgd.js
[2025-09-04 21:43:48] Detected ADDED: control-panel\website-builder\preview\docs\5456231165266328221\js\isotope.pkgd.min.js
[2025-09-04 21:43:48] Detected ADDED: control-panel\website-builder\preview\docs\5456231165266328221\js\jarallax-element.min.js
[2025-09-04 21:43:48] Detected ADDED: control-panel\website-builder\preview\docs\5456231165266328221\js\jarallax.min.js
[2025-09-04 21:43:48] Detected ADDED: control-panel\website-builder\preview\docs\5456231165266328221\js\jquery-3.5.1.min.js
[2025-09-04 21:43:49] Detected ADDED: control-panel\website-builder\preview\docs\5456231165266328221\js\jquery-migrate-3.0.0.min.js
[2025-09-04 21:43:50] Detected ADDED: control-panel\website-builder\preview\docs\5456231165266328221\js\jquery.animateNumber.min.js
[2025-09-04 21:43:50] Detected ADDED: control-panel\website-builder\preview\docs\5456231165266328221\js\jquery.fancybox.min.js
[2025-09-04 21:43:50] Detected ADDED: control-panel\website-builder\preview\docs\5456231165266328221\js\jquery.lettering.js
[2025-09-04 21:43:50] Detected ADDED: control-panel\website-builder\preview\docs\5456231165266328221\js\jquery.stellar.min.js
[2025-09-04 21:43:50] Detected ADDED: control-panel\website-builder\preview\docs\5456231165266328221\js\jquery.waypoints.min.js
[2025-09-04 21:43:50] Detected ADDED: control-panel\website-builder\preview\docs\5456231165266328221\js\owl.carousel.min.js
[2025-09-04 21:43:50] Detected ADDED: control-panel\website-builder\preview\docs\5456231165266328221\js\popper.min.js
[2025-09-04 21:43:50] Detected ADDED: control-panel\website-builder\preview\docs\5456231165266328221\js\scrollmagic.animation.gsap.min.js
[2025-09-04 21:43:50] Detected ADDED: control-panel\website-builder\preview\docs\5456231165266328221\js\ScrollMagic.min.js
[2025-09-04 21:43:50] Detected ADDED: control-panel\website-builder\preview\docs\5456231165266328221\js\TweenMax.min.js
[2025-09-04 21:43:50] Detected ADDED: control-panel\website-builder\preview\docs\5456231165266328221\Name.txt
[2025-09-04 21:43:50] Detected ADDED: control-panel\website-builder\preview\docs\5456231165266328221\public_html\.DS_Store
[2025-09-04 21:43:50] Detected ADDED: control-panel\website-builder\preview\docs\5456231165266328221\scss\.DS_Store
[2025-09-04 21:43:50] Detected ADDED: control-panel\website-builder\preview\docs\5456231165266328221\scss\mixins\_alert.scss
[2025-09-04 21:43:50] Detected ADDED: control-panel\website-builder\preview\docs\5456231165266328221\scss\mixins\_background-variant.scss
[2025-09-04 21:43:50] Detected ADDED: control-panel\website-builder\preview\docs\5456231165266328221\scss\mixins\_badge.scss
[2025-09-04 21:43:50] Detected ADDED: control-panel\website-builder\preview\docs\5456231165266328221\scss\mixins\_base.scss
[2025-09-04 21:43:50] Detected ADDED: control-panel\website-builder\preview\docs\5456231165266328221\scss\mixins\_border-radius.scss
[2025-09-04 21:43:50] Detected ADDED: control-panel\website-builder\preview\docs\5456231165266328221\scss\mixins\_box-shadow.scss
[2025-09-04 21:43:50] Detected ADDED: control-panel\website-builder\preview\docs\5456231165266328221\scss\mixins\_breakpoints.scss
[2025-09-04 21:43:50] Detected ADDED: control-panel\website-builder\preview\docs\5456231165266328221\scss\mixins\_buttons.scss
[2025-09-04 21:43:50] Detected ADDED: control-panel\website-builder\preview\docs\5456231165266328221\scss\mixins\_caret.scss
[2025-09-04 21:43:50] Detected ADDED: control-panel\website-builder\preview\docs\5456231165266328221\scss\mixins\_clearfix.scss
[2025-09-04 21:43:50] Detected ADDED: control-panel\website-builder\preview\docs\5456231165266328221\scss\mixins\_deprecate.scss
[2025-09-04 21:43:50] Detected ADDED: control-panel\website-builder\preview\docs\5456231165266328221\scss\mixins\_float.scss
[2025-09-04 21:43:50] Detected ADDED: control-panel\website-builder\preview\docs\5456231165266328221\scss\mixins\_forms.scss
[2025-09-04 21:43:50] Detected ADDED: control-panel\website-builder\preview\docs\5456231165266328221\scss\mixins\_gradients.scss
[2025-09-04 21:43:50] Detected ADDED: control-panel\website-builder\preview\docs\5456231165266328221\scss\mixins\_grid-framework.scss
[2025-09-04 21:43:50] Detected ADDED: control-panel\website-builder\preview\docs\5456231165266328221\scss\mixins\_grid.scss
[2025-09-04 21:43:50] Detected ADDED: control-panel\website-builder\preview\docs\5456231165266328221\scss\mixins\_hover.scss
[2025-09-04 21:43:50] Detected ADDED: control-panel\website-builder\preview\docs\5456231165266328221\scss\mixins\_image.scss
[2025-09-04 21:43:50] Detected ADDED: control-panel\website-builder\preview\docs\5456231165266328221\scss\mixins\_list-group.scss
[2025-09-04 21:43:50] Detected ADDED: control-panel\website-builder\preview\docs\5456231165266328221\scss\mixins\_lists.scss
[2025-09-04 21:43:50] Detected ADDED: control-panel\website-builder\preview\docs\5456231165266328221\scss\mixins\_nav-divider.scss
[2025-09-04 21:43:50] Detected ADDED: control-panel\website-builder\preview\docs\5456231165266328221\scss\mixins\_pagination.scss
[2025-09-04 21:43:50] Detected ADDED: control-panel\website-builder\preview\docs\5456231165266328221\scss\mixins\_reset-text.scss
[2025-09-04 21:43:50] Detected ADDED: control-panel\website-builder\preview\docs\5456231165266328221\scss\mixins\_resize.scss
[2025-09-04 21:43:50] Detected ADDED: control-panel\website-builder\preview\docs\5456231165266328221\scss\mixins\_screen-reader.scss
[2025-09-04 21:43:50] Detected ADDED: control-panel\website-builder\preview\docs\5456231165266328221\scss\mixins\_size.scss
[2025-09-04 21:43:50] Detected ADDED: control-panel\website-builder\preview\docs\5456231165266328221\scss\mixins\_table-row.scss
[2025-09-04 21:43:50] Detected ADDED: control-panel\website-builder\preview\docs\5456231165266328221\scss\mixins\_text-emphasis.scss
[2025-09-04 21:43:50] Detected ADDED: control-panel\website-builder\preview\docs\5456231165266328221\scss\mixins\_text-hide.scss
[2025-09-04 21:43:50] Detected ADDED: control-panel\website-builder\preview\docs\5456231165266328221\scss\mixins\_text-truncate.scss
[2025-09-04 21:43:50] Detected ADDED: control-panel\website-builder\preview\docs\5456231165266328221\scss\mixins\_transition.scss
[2025-09-04 21:43:50] Detected ADDED: control-panel\website-builder\preview\docs\5456231165266328221\scss\mixins\_visibility.scss
[2025-09-04 21:43:50] Detected ADDED: control-panel\website-builder\preview\docs\5456231165266328221\scss\style.scss
[2025-09-04 21:43:50] Detected ADDED: control-panel\website-builder\preview\docs\5456231165266328221\scss\_functions.scss
[2025-09-04 21:43:50] Detected ADDED: control-panel\website-builder\preview\docs\5456231165266328221\scss\_mixins.scss
[2025-09-04 21:43:50] Detected ADDED: control-panel\website-builder\preview\docs\5456231165266328221\scss\_site-base.scss
[2025-09-04 21:43:51] Detected ADDED: control-panel\website-builder\preview\docs\5456231165266328221\scss\_site-blocks.scss
[2025-09-04 21:43:51] Detected ADDED: control-panel\website-builder\preview\docs\5456231165266328221\scss\_site-elements.scss
[2025-09-04 21:43:51] Detected ADDED: control-panel\website-builder\preview\docs\5456231165266328221\scss\_site-footer.scss
[2025-09-04 21:43:51] Detected ADDED: control-panel\website-builder\preview\docs\5456231165266328221\scss\_site-navbar.scss
[2025-09-04 21:43:51] Detected ADDED: control-panel\website-builder\preview\docs\5456231165266328221\scss\_site-style.scss
[2025-09-04 21:43:51] Detected ADDED: control-panel\website-builder\preview\docs\5456231165266328221\scss\_variables.scss
[2025-09-04 21:43:51] Detected ADDED: control-panel\website-builder\preview\docs\ft.js
[2025-09-04 21:43:51] Detected ADDED: control-panel\website-builder\preview\docs\ft.php
[2025-09-04 21:43:51] Detected ADDED: control-panel\website-builder\preview\docs\index.php
[2025-09-04 21:43:51] Detected ADDED: control-panel\website-builder\preview\docs\session.log.hash.report.pxy
[2025-09-04 21:43:51] Detected ADDED: control-panel\website-builder\preview\index.php
[2025-09-04 21:43:51] Detected ADDED: css\main.css
[2025-09-04 21:43:51] Detected ADDED: css\util.css
[2025-09-04 21:43:51] Detected ADDED: database\5ddfc2308ff21ee944d969bd1ac9b2b6ab213aaaeaa59d951abc091aa90f8da2.db
[2025-09-04 21:43:51] Detected ADDED: database\application.php
[2025-09-04 21:43:51] Detected ADDED: database\client.module.php
[2025-09-04 21:43:51] Detected ADDED: database\smarttechshopping.sqllite
[2025-09-04 21:43:51] Detected ADDED: DATA_SETS\catgory_pack.json
[2025-09-04 21:43:51] Detected ADDED: DATA_SETS\currency_rate_backup.json
[2025-09-04 21:43:51] Detected ADDED: DATA_SETS\genetic_build.json
[2025-09-04 21:43:51] Detected ADDED: DATA_SETS\mandatory_policy_pack.json
[2025-09-04 21:43:51] Detected ADDED: DATA_SETS\policy_pack.json
[2025-09-04 21:43:51] Detected ADDED: DATA_SETS\product_pack.json
[2025-09-04 21:43:51] Detected ADDED: DATA_SETS\shopping_cart_pack.json
[2025-09-04 21:43:51] Detected ADDED: DATA_SETS\vendor_pack.json
[2025-09-04 21:43:51] Detected ADDED: DATA_SETS\wishlist_pack.json
[2025-09-04 21:43:51] Detected ADDED: email_template.html
[2025-09-04 21:43:51] Detected ADDED: error-log.php
[2025-09-04 21:43:51] Detected ADDED: fonts\font-awesome-4.7.0\css\font-awesome.css
[2025-09-04 21:43:51] Detected ADDED: fonts\font-awesome-4.7.0\css\font-awesome.min.css
[2025-09-04 21:43:51] Detected ADDED: fonts\font-awesome-4.7.0\fonts\fontawesome-webfont.eot
[2025-09-04 21:43:51] Detected ADDED: fonts\font-awesome-4.7.0\fonts\fontawesome-webfont.svg
[2025-09-04 21:43:51] Detected ADDED: fonts\font-awesome-4.7.0\fonts\fontawesome-webfont.ttf
[2025-09-04 21:43:51] Detected ADDED: fonts\font-awesome-4.7.0\fonts\fontawesome-webfont.woff
[2025-09-04 21:43:51] Detected ADDED: fonts\font-awesome-4.7.0\fonts\fontawesome-webfont.woff2
[2025-09-04 21:43:51] Detected ADDED: fonts\font-awesome-4.7.0\fonts\FontAwesome.otf
[2025-09-04 21:43:51] Detected ADDED: fonts\font-awesome-4.7.0\HELP-US-OUT.txt
[2025-09-04 21:43:51] Detected ADDED: fonts\font-awesome-4.7.0\less\animated.less
[2025-09-04 21:43:51] Detected ADDED: fonts\font-awesome-4.7.0\less\bordered-pulled.less
[2025-09-04 21:43:51] Detected ADDED: fonts\font-awesome-4.7.0\less\core.less
[2025-09-04 21:43:51] Detected ADDED: fonts\font-awesome-4.7.0\less\fixed-width.less
[2025-09-04 21:43:52] Detected ADDED: fonts\font-awesome-4.7.0\less\font-awesome.less
[2025-09-04 21:43:52] Detected ADDED: fonts\font-awesome-4.7.0\less\icons.less
[2025-09-04 21:43:52] Detected ADDED: fonts\font-awesome-4.7.0\less\larger.less
[2025-09-04 21:43:52] Detected ADDED: fonts\font-awesome-4.7.0\less\list.less
[2025-09-04 21:43:52] Detected ADDED: fonts\font-awesome-4.7.0\less\mixins.less
[2025-09-04 21:43:52] Detected ADDED: fonts\font-awesome-4.7.0\less\path.less
[2025-09-04 21:43:52] Detected ADDED: fonts\font-awesome-4.7.0\less\rotated-flipped.less
[2025-09-04 21:43:52] Detected ADDED: fonts\font-awesome-4.7.0\less\screen-reader.less
[2025-09-04 21:43:52] Detected ADDED: fonts\font-awesome-4.7.0\less\stacked.less
[2025-09-04 21:43:52] Detected ADDED: fonts\font-awesome-4.7.0\less\variables.less
[2025-09-04 21:43:52] Detected ADDED: fonts\font-awesome-4.7.0\scss\font-awesome.scss
[2025-09-04 21:43:52] Detected ADDED: fonts\font-awesome-4.7.0\scss\_animated.scss
[2025-09-04 21:43:52] Detected ADDED: fonts\font-awesome-4.7.0\scss\_bordered-pulled.scss
[2025-09-04 21:43:52] Detected ADDED: fonts\font-awesome-4.7.0\scss\_core.scss
[2025-09-04 21:43:52] Detected ADDED: fonts\font-awesome-4.7.0\scss\_fixed-width.scss
[2025-09-04 21:43:52] Detected ADDED: fonts\font-awesome-4.7.0\scss\_icons.scss
[2025-09-04 21:43:52] Detected ADDED: fonts\font-awesome-4.7.0\scss\_larger.scss
[2025-09-04 21:43:52] Detected ADDED: fonts\font-awesome-4.7.0\scss\_list.scss
[2025-09-04 21:43:52] Detected ADDED: fonts\font-awesome-4.7.0\scss\_mixins.scss
[2025-09-04 21:43:52] Detected ADDED: fonts\font-awesome-4.7.0\scss\_path.scss
[2025-09-04 21:43:52] Detected ADDED: fonts\font-awesome-4.7.0\scss\_rotated-flipped.scss
[2025-09-04 21:43:52] Detected ADDED: fonts\font-awesome-4.7.0\scss\_screen-reader.scss
[2025-09-04 21:43:52] Detected ADDED: fonts\font-awesome-4.7.0\scss\_stacked.scss
[2025-09-04 21:43:52] Detected ADDED: fonts\font-awesome-4.7.0\scss\_variables.scss
[2025-09-04 21:43:52] Detected ADDED: fonts\iconic\css\material-design-iconic-font.css
[2025-09-04 21:43:52] Detected ADDED: fonts\iconic\css\material-design-iconic-font.min.css
[2025-09-04 21:43:52] Detected ADDED: fonts\iconic\fonts\Material-Design-Iconic-Font.eot
[2025-09-04 21:43:52] Detected ADDED: fonts\iconic\fonts\Material-Design-Iconic-Font.svg
[2025-09-04 21:43:52] Detected ADDED: fonts\iconic\fonts\Material-Design-Iconic-Font.ttf
[2025-09-04 21:43:52] Detected ADDED: fonts\iconic\fonts\Material-Design-Iconic-Font.woff
[2025-09-04 21:43:52] Detected ADDED: fonts\iconic\fonts\Material-Design-Iconic-Font.woff2
[2025-09-04 21:43:52] Detected ADDED: fonts\linearicons-v1.0.0\icon-font.min.css
[2025-09-04 21:43:52] Detected ADDED: fonts\linearicons-v1.0.0\WebFont\Linearicons-Free.eot
[2025-09-04 21:43:52] Detected ADDED: fonts\linearicons-v1.0.0\WebFont\Linearicons-Free.svg
[2025-09-04 21:43:52] Detected ADDED: fonts\linearicons-v1.0.0\WebFont\Linearicons-Free.ttf
[2025-09-04 21:43:52] Detected ADDED: fonts\linearicons-v1.0.0\WebFont\Linearicons-Free.woff
[2025-09-04 21:43:52] Detected ADDED: fonts\linearicons-v1.0.0\WebFont\Linearicons-Free.woff2
[2025-09-04 21:43:52] Detected ADDED: fonts\Montserrat\Montserrat-Black.ttf
[2025-09-04 21:43:52] Detected ADDED: fonts\Montserrat\Montserrat-BlackItalic.ttf
[2025-09-04 21:43:52] Detected ADDED: fonts\Montserrat\Montserrat-Bold.ttf
[2025-09-04 21:43:52] Detected ADDED: fonts\Montserrat\Montserrat-BoldItalic.ttf
[2025-09-04 21:43:52] Detected ADDED: fonts\Montserrat\Montserrat-ExtraBold.ttf
[2025-09-04 21:43:52] Detected ADDED: fonts\Montserrat\Montserrat-ExtraBoldItalic.ttf
[2025-09-04 21:43:52] Detected ADDED: fonts\Montserrat\Montserrat-ExtraLight.ttf
[2025-09-04 21:43:52] Detected ADDED: fonts\Montserrat\Montserrat-ExtraLightItalic.ttf
[2025-09-04 21:43:52] Detected ADDED: fonts\Montserrat\Montserrat-Italic.ttf
[2025-09-04 21:43:52] Detected ADDED: fonts\Montserrat\Montserrat-Light.ttf
[2025-09-04 21:43:52] Detected ADDED: fonts\Montserrat\Montserrat-LightItalic.ttf
[2025-09-04 21:43:52] Detected ADDED: fonts\Montserrat\Montserrat-Medium.ttf
[2025-09-04 21:43:52] Detected ADDED: fonts\Montserrat\Montserrat-MediumItalic.ttf
[2025-09-04 21:43:52] Detected ADDED: fonts\Montserrat\Montserrat-Regular.ttf
[2025-09-04 21:43:52] Detected ADDED: fonts\Montserrat\Montserrat-SemiBold.ttf
[2025-09-04 21:43:52] Detected ADDED: fonts\Montserrat\Montserrat-SemiBoldItalic.ttf
[2025-09-04 21:43:52] Detected ADDED: fonts\Montserrat\Montserrat-Thin.ttf
[2025-09-04 21:43:52] Detected ADDED: fonts\Montserrat\Montserrat-ThinItalic.ttf
[2025-09-04 21:43:52] Detected ADDED: fonts\Montserrat\OFL.txt
[2025-09-04 21:43:52] Detected ADDED: fonts\PlayfairDisplay\OFL.txt
[2025-09-04 21:43:52] Detected ADDED: fonts\PlayfairDisplay\PlayfairDisplay-Black.ttf
[2025-09-04 21:43:52] Detected ADDED: fonts\PlayfairDisplay\PlayfairDisplay-BlackItalic.ttf
[2025-09-04 21:43:52] Detected ADDED: fonts\PlayfairDisplay\PlayfairDisplay-Bold.ttf
[2025-09-04 21:43:52] Detected ADDED: fonts\PlayfairDisplay\PlayfairDisplay-BoldItalic.ttf
[2025-09-04 21:43:52] Detected ADDED: fonts\PlayfairDisplay\PlayfairDisplay-Italic.ttf
[2025-09-04 21:43:52] Detected ADDED: fonts\PlayfairDisplay\PlayfairDisplay-Regular.ttf
[2025-09-04 21:43:52] Detected ADDED: fonts\Poppins\Poppins-Black.ttf
[2025-09-04 21:43:52] Detected ADDED: fonts\Poppins\Poppins-BlackItalic.ttf
[2025-09-04 21:43:52] Detected ADDED: fonts\Poppins\Poppins-Bold.ttf
[2025-09-04 21:43:52] Detected ADDED: fonts\Poppins\Poppins-BoldItalic.ttf
[2025-09-04 21:43:52] Detected ADDED: fonts\Poppins\Poppins-ExtraBold.ttf
[2025-09-04 21:43:52] Detected ADDED: fonts\Poppins\Poppins-ExtraBoldItalic.ttf
[2025-09-04 21:43:52] Detected ADDED: fonts\Poppins\Poppins-ExtraLight.ttf
[2025-09-04 21:43:52] Detected ADDED: fonts\Poppins\Poppins-ExtraLightItalic.ttf
[2025-09-04 21:43:52] Detected ADDED: fonts\Poppins\Poppins-Italic.ttf
[2025-09-04 21:43:52] Detected ADDED: fonts\Poppins\Poppins-Light.ttf
[2025-09-04 21:43:52] Detected ADDED: fonts\Poppins\Poppins-LightItalic.ttf
[2025-09-04 21:43:52] Detected ADDED: fonts\Poppins\Poppins-Medium.ttf
[2025-09-04 21:43:52] Detected ADDED: fonts\Poppins\Poppins-MediumItalic.ttf
[2025-09-04 21:43:52] Detected ADDED: fonts\Poppins\Poppins-Regular.ttf
[2025-09-04 21:43:52] Detected ADDED: fonts\Poppins\Poppins-SemiBold.ttf
[2025-09-04 21:43:52] Detected ADDED: fonts\Poppins\Poppins-SemiBoldItalic.ttf
[2025-09-04 21:43:52] Detected ADDED: fonts\Poppins\Poppins-Thin.ttf
[2025-09-04 21:43:52] Detected ADDED: fonts\Poppins\Poppins-ThinItalic.ttf
[2025-09-04 21:43:52] Detected ADDED: footer.php
[2025-09-04 21:43:52] Detected ADDED: function.php
[2025-09-04 21:43:52] Detected ADDED: header.php
[2025-09-04 21:43:52] Detected ADDED: images\about-01.jpg
[2025-09-04 21:43:52] Detected ADDED: images\about-02.jpg
[2025-09-04 21:43:52] Detected ADDED: images\affiliate_marketing.gif
[2025-09-04 21:43:52] Detected ADDED: images\astral.webp
[2025-09-04 21:43:52] Detected ADDED: images\chatbox.gif
[2025-09-04 21:43:52] Detected ADDED: images\clipart\cloudflared-windows-amd64.msi
[2025-09-04 21:43:52] Detected ADDED: images\clipart\directions.png
[2025-09-04 21:43:52] Detected ADDED: images\clipart\selfie.png
[2025-09-04 21:43:52] Detected ADDED: images\clipart\shopping.png
[2025-09-04 21:43:52] Detected ADDED: images\clipart\using_the_doodle_a_image.jpeg
[2025-09-04 21:43:52] Detected ADDED: images\cover.jpg
[2025-09-04 21:43:53] Detected ADDED: images\digital-wallet.gif
[2025-09-04 21:43:53] Detected ADDED: images\favicon.png
[2025-09-04 21:43:53] Detected ADDED: images\favicon_crossgen.png
[2025-09-04 21:43:53] Detected ADDED: images\help_center.gif
[2025-09-04 21:43:53] Detected ADDED: images\hero1.jpg
[2025-09-04 21:43:53] Detected ADDED: images\hero2.jpg
[2025-09-04 21:43:53] Detected ADDED: images\icons\amex_colour.svg
[2025-09-04 21:43:53] Detected ADDED: images\icons\eft_colour.svg
[2025-09-04 21:43:53] Detected ADDED: images\icons\favicon.png
[2025-09-04 21:43:53] Detected ADDED: images\icons\icon-close.png
[2025-09-04 21:43:53] Detected ADDED: images\icons\icon-close2.png
[2025-09-04 21:43:53] Detected ADDED: images\icons\icon-email.png
[2025-09-04 21:43:55] Detected ADDED: images\icons\icon-heart-01.png
[2025-09-04 21:43:56] Detected ADDED: images\icons\icon-heart-02.png
[2025-09-04 21:43:56] Detected ADDED: images\icons\icon-next.png
[2025-09-04 21:43:56] Detected ADDED: images\icons\icon-pay-01.png
[2025-09-04 21:43:56] Detected ADDED: images\icons\icon-pay-02.png
[2025-09-04 21:43:56] Detected ADDED: images\icons\icon-pay-03.png
[2025-09-04 21:43:56] Detected ADDED: images\icons\icon-pay-04.png
[2025-09-04 21:43:56] Detected ADDED: images\icons\icon-pay-05.png
[2025-09-04 21:43:56] Detected ADDED: images\icons\icon-prev.png
[2025-09-04 21:43:56] Detected ADDED: images\icons\logo-01.png
[2025-09-04 21:43:56] Detected ADDED: images\icons\logo-02.png
[2025-09-04 21:43:56] Detected ADDED: images\icons\mastercard_colour.svg
[2025-09-04 21:43:56] Detected ADDED: images\icons\pin.png
[2025-09-04 21:43:56] Detected ADDED: images\icons\visa_colour.svg
[2025-09-04 21:43:56] Detected ADDED: images\icons\yoco_colour.svg
[2025-09-04 21:43:56] Detected ADDED: images\logo.png
[2025-09-04 21:43:56] Detected ADDED: images\logo_light.png
[2025-09-04 21:43:56] Detected ADDED: images\new_idea.gif
[2025-09-04 21:43:56] Detected ADDED: images\online-purchase.gif
[2025-09-04 21:43:56] Detected ADDED: images\timeline\arcadia.JPG
[2025-09-04 21:43:56] Detected ADDED: images\timeline\burning.JPEG
[2025-09-04 21:43:56] Detected ADDED: images\timeline\fire.jpg
[2025-09-04 21:43:56] Detected ADDED: images\timeline\sunrise.JPEG
[2025-09-04 21:43:56] Detected ADDED: images\timeline\vossie.JPEG
[2025-09-04 21:43:56] Detected ADDED: images\tmpkmg9qvnnia0zlyu8zztn2nlfibnvrwst3l2lzddvkdhhxefl4n3dqslbhsufmtkozdkfoqxf3bhnswe5qnwLogo.jpg
[2025-09-04 21:43:56] Detected ADDED: images\wallpaper.jpg
[2025-09-04 21:43:56] Detected ADDED: images\wallpaper1.jpg
[2025-09-04 21:43:56] Detected ADDED: images\wallpaper2.jpg
[2025-09-04 21:43:56] Detected ADDED: images\wallpaper3.jpg
[2025-09-04 21:43:56] Detected ADDED: images\wallpaper4.jpg
[2025-09-04 21:43:56] Detected ADDED: images\wallpaper5.jpg
[2025-09-04 21:43:56] Detected ADDED: images\wallpaper6.jpg
[2025-09-04 21:43:56] Detected ADDED: images\website-store.gif
[2025-09-04 21:43:57] Detected ADDED: index.php
[2025-09-04 21:43:57] Detected ADDED: javascript\main_script.js
[2025-09-04 21:43:57] Detected ADDED: js\main.js
[2025-09-04 21:43:57] Detected ADDED: js\map-custom.js
[2025-09-04 21:43:57] Detected ADDED: js\slick-custom.js
[2025-09-04 21:43:57] Detected ADDED: local_manifest.json
[2025-09-04 21:43:57] Detected ADDED: module.patch.php
[2025-09-04 21:43:57] Detected ADDED: module.sync.php
[2025-09-04 21:43:57] Detected ADDED: module.upload.php
[2025-09-04 21:43:57] Detected ADDED: modules\db-extension.php
[2025-09-04 21:43:57] Detected ADDED: pages\account.php
[2025-09-04 21:43:57] Detected ADDED: pages\account_banking_details.php
[2025-09-04 21:43:57] Detected ADDED: pages\account_billing&shipping.php
[2025-09-04 21:43:57] Detected ADDED: pages\account_order_history.php
[2025-09-04 21:43:57] Detected ADDED: pages\account_profile.php
[2025-09-04 21:43:57] Detected ADDED: pages\account_withold_order.php
[2025-09-04 21:43:57] Detected ADDED: pages\affiliate_program.php
[2025-09-04 21:43:57] Detected ADDED: pages\become_a_vendor.php
[2025-09-04 21:43:57] Detected ADDED: pages\cart.php
[2025-09-04 21:43:57] Detected ADDED: pages\checkout.php
[2025-09-04 21:43:57] Detected ADDED: pages\collection.php
[2025-09-04 21:43:57] Detected ADDED: pages\collection_set.php
[2025-09-04 21:43:57] Detected ADDED: pages\community.php
[2025-09-04 21:43:57] Detected ADDED: pages\error.000.page.php
[2025-09-04 21:43:57] Detected ADDED: pages\error.404.page.php
[2025-09-04 21:43:57] Detected ADDED: pages\error.500.page.php
[2025-09-04 21:43:57] Detected ADDED: pages\help_center.php
[2025-09-04 21:43:57] Detected ADDED: pages\index.php
[2025-09-04 21:43:57] Detected ADDED: pages\logout.php
[2025-09-04 21:43:57] Detected ADDED: pages\order_process.php
[2025-09-04 21:43:57] Detected ADDED: pages\order_view.php
[2025-09-04 21:43:57] Detected ADDED: pages\policies.page.php
[2025-09-04 21:43:57] Detected ADDED: pages\privacy_policy.php
[2025-09-04 21:43:57] Detected ADDED: pages\product.php
[2025-09-04 21:43:58] Detected ADDED: pages\return_and_refund.php
[2025-09-04 21:43:58] Detected ADDED: pages\shop.php
[2025-09-04 21:43:58] Detected ADDED: pages\signin.php
[2025-09-04 21:43:58] Detected ADDED: pages\signup.php
[2025-09-04 21:43:58] Detected ADDED: pages\store.php
[2025-09-04 21:43:58] Detected ADDED: pages\student-discounts.php
[2025-09-04 21:43:58] Detected ADDED: pages\terms_and_condition.php
[2025-09-04 21:43:58] Detected ADDED: pages\track-order.php
[2025-09-04 21:43:58] Detected ADDED: pages\user_security.php
[2025-09-04 21:43:58] Detected ADDED: pages\vendor.php
[2025-09-04 21:43:58] Detected ADDED: pages\web.home.page.php
[2025-09-04 21:43:58] Detected ADDED: pages\wishlist.php
[2025-09-04 21:43:58] Detected ADDED: patch_bin\local_config.php
[2025-09-04 21:43:58] Detected ADDED: patch_bin\local_sync.log
[2025-09-04 21:43:58] Detected ADDED: php\activate_coupon.php
[2025-09-04 21:43:58] Detected ADDED: php\connect_account.php
[2025-09-04 21:43:58] Detected ADDED: php\create_account.php
[2025-09-04 21:43:58] Detected ADDED: php\create_order.php
[2025-09-04 21:43:58] Detected ADDED: php\delete_cart_item.php
[2025-09-04 21:43:58] Detected ADDED: php\delete_wishlist_item.php
[2025-09-04 21:43:58] Detected ADDED: php\get_cart_data.php
[2025-09-04 21:43:58] Detected ADDED: php\get_cart_widget_data.php
[2025-09-04 21:43:58] Detected ADDED: php\get_checkout_activity.php
[2025-09-04 21:43:58] Detected ADDED: php\get_featured_products.php
[2025-09-04 21:43:58] Detected ADDED: php\get_product_information.php
[2025-09-04 21:43:58] Detected ADDED: php\get_search_results.php
[2025-09-04 21:43:58] Detected ADDED: php\get_shop_data.php
[2025-09-04 21:43:58] Detected ADDED: php\get_store_carrosel.php
[2025-09-04 21:43:58] Detected ADDED: php\get_store_profile.php
[2025-09-04 21:43:58] Detected ADDED: php\get_store_stats.php
[2025-09-04 21:43:58] Detected ADDED: php\get_vendor_data.php
[2025-09-04 21:43:58] Detected ADDED: php\get_wishlist_data.php
[2025-09-04 21:43:58] Detected ADDED: php\insert_contact_forms.php
[2025-09-04 21:43:58] Detected ADDED: php\insert_newsletter.php
[2025-09-04 21:43:58] Detected ADDED: php\insert_product_cart.php
[2025-09-04 21:43:58] Detected ADDED: php\insert_product_wishlist.php
[2025-09-04 21:43:58] Detected ADDED: php\procedure_change_password.php
[2025-09-04 21:43:58] Detected ADDED: php\process_order.php
[2025-09-04 21:43:58] Detected ADDED: php\record_review.php
[2025-09-04 21:43:58] Detected ADDED: php\retrieve_account_billing_section.php
[2025-09-04 21:43:58] Detected ADDED: php\retrieve_tracking_order_info.php
[2025-09-04 21:43:58] Detected ADDED: php\retrieve_user_order_history.php
[2025-09-04 21:43:58] Detected ADDED: php\save_billing_data.php
[2025-09-04 21:43:58] Detected ADDED: php\save_shipping_data.php
[2025-09-04 21:43:58] Detected ADDED: plugin\yoco_payment_gateway.php
[2025-09-04 21:43:58] Detected ADDED: plugin\yoco_temp_keys.php
[2025-09-04 21:43:58] Detected ADDED: readme
[2025-09-04 21:43:58] Detected ADDED: repair_kit\index.html
[2025-09-04 21:43:58] Detected ADDED: repair_kit\repair.php
[2025-09-04 21:43:58] Detected ADDED: routes.php
[2025-09-04 21:43:58] Detected ADDED: scripts.php
[2025-09-04 21:43:58] Detected ADDED: server
[2025-09-04 21:43:58] Detected ADDED: t.php
[2025-09-04 21:43:58] Detected ADDED: test
[2025-09-04 21:43:59] Detected ADDED: top.php
[2025-09-04 21:43:59] Detected ADDED: vendor\animate\animate.css
[2025-09-04 21:43:59] Detected ADDED: vendor\animsition\css\animsition.css
[2025-09-04 21:43:59] Detected ADDED: vendor\animsition\css\animsition.min.css
[2025-09-04 21:43:59] Detected ADDED: vendor\animsition\js\animsition.js
[2025-09-04 21:43:59] Detected ADDED: vendor\animsition\js\animsition.min.js
[2025-09-04 21:43:59] Detected ADDED: vendor\bootstrap\css\bootstrap-grid.css
[2025-09-04 21:43:59] Detected ADDED: vendor\bootstrap\css\bootstrap-grid.css.map
[2025-09-04 21:43:59] Detected ADDED: vendor\bootstrap\css\bootstrap-grid.min.css
[2025-09-04 21:43:59] Detected ADDED: vendor\bootstrap\css\bootstrap-grid.min.css.map
[2025-09-04 21:43:59] Detected ADDED: vendor\bootstrap\css\bootstrap-reboot.css
[2025-09-04 21:43:59] Detected ADDED: vendor\bootstrap\css\bootstrap-reboot.css.map
[2025-09-04 21:43:59] Detected ADDED: vendor\bootstrap\css\bootstrap-reboot.min.css
[2025-09-04 21:43:59] Detected ADDED: vendor\bootstrap\css\bootstrap-reboot.min.css.map
[2025-09-04 21:43:59] Detected ADDED: vendor\bootstrap\css\bootstrap.css
[2025-09-04 21:43:59] Detected ADDED: vendor\bootstrap\css\bootstrap.css.map
[2025-09-04 21:43:59] Detected ADDED: vendor\bootstrap\css\bootstrap.min.css
[2025-09-04 21:43:59] Detected ADDED: vendor\bootstrap\css\bootstrap.min.css.map
[2025-09-04 21:43:59] Detected ADDED: vendor\bootstrap\js\bootstrap.js
[2025-09-04 21:43:59] Detected ADDED: vendor\bootstrap\js\bootstrap.min.js
[2025-09-04 21:43:59] Detected ADDED: vendor\bootstrap\js\popper.js
[2025-09-04 21:43:59] Detected ADDED: vendor\bootstrap\js\popper.min.js
[2025-09-04 21:43:59] Detected ADDED: vendor\bootstrap\js\tooltip.js
[2025-09-04 21:43:59] Detected ADDED: vendor\countdowntime\countdowntime.js
[2025-09-04 21:43:59] Detected ADDED: vendor\css-hamburgers\hamburgers.css
[2025-09-04 21:43:59] Detected ADDED: vendor\css-hamburgers\hamburgers.min.css
[2025-09-04 21:43:59] Detected ADDED: vendor\daterangepicker\daterangepicker.css
[2025-09-04 21:43:59] Detected ADDED: vendor\daterangepicker\daterangepicker.js
[2025-09-04 21:43:59] Detected ADDED: vendor\daterangepicker\moment.js
[2025-09-04 21:43:59] Detected ADDED: vendor\daterangepicker\moment.min.js
[2025-09-04 21:43:59] Detected ADDED: vendor\isotope\isotope.pkgd.min.js
[2025-09-04 21:43:59] Detected ADDED: vendor\jquery\jquery-3.2.1.min.js
[2025-09-04 21:43:59] Detected ADDED: vendor\jqueryui\external\jquery\jquery.js
[2025-09-04 21:43:59] Detected ADDED: vendor\jqueryui\images\ui-icons_444444_256x240.png
[2025-09-04 21:43:59] Detected ADDED: vendor\jqueryui\images\ui-icons_555555_256x240.png
[2025-09-04 21:43:59] Detected ADDED: vendor\jqueryui\images\ui-icons_777620_256x240.png
[2025-09-04 21:43:59] Detected ADDED: vendor\jqueryui\images\ui-icons_777777_256x240.png
[2025-09-04 21:43:59] Detected ADDED: vendor\jqueryui\images\ui-icons_cc0000_256x240.png
[2025-09-04 21:43:59] Detected ADDED: vendor\jqueryui\images\ui-icons_ffffff_256x240.png
[2025-09-04 21:43:59] Detected ADDED: vendor\jqueryui\index.html
[2025-09-04 21:43:59] Detected ADDED: vendor\jqueryui\jquery-ui.css
[2025-09-04 21:43:59] Detected ADDED: vendor\jqueryui\jquery-ui.js
[2025-09-04 21:44:00] Detected ADDED: vendor\jqueryui\jquery-ui.min.css
[2025-09-04 21:44:00] Detected ADDED: vendor\jqueryui\jquery-ui.min.js
[2025-09-04 21:44:00] Detected ADDED: vendor\jqueryui\jquery-ui.structure.css
[2025-09-04 21:44:00] Detected ADDED: vendor\jqueryui\jquery-ui.structure.min.css
[2025-09-04 21:44:00] Detected ADDED: vendor\jqueryui\jquery-ui.theme.css
[2025-09-04 21:44:00] Detected ADDED: vendor\jqueryui\jquery-ui.theme.min.css
[2025-09-04 21:44:00] Detected ADDED: vendor\lightbox2\css\lightbox.css
[2025-09-04 21:44:00] Detected ADDED: vendor\lightbox2\css\lightbox.min.css
[2025-09-04 21:44:00] Detected ADDED: vendor\lightbox2\images\close.png
[2025-09-04 21:44:00] Detected ADDED: vendor\lightbox2\images\loading.gif
[2025-09-04 21:44:00] Detected ADDED: vendor\lightbox2\images\next.png
[2025-09-04 21:44:00] Detected ADDED: vendor\lightbox2\images\prev.png
[2025-09-04 21:44:00] Detected ADDED: vendor\lightbox2\js\lightbox-plus-jquery.js
[2025-09-04 21:44:00] Detected ADDED: vendor\lightbox2\js\lightbox-plus-jquery.min.js
[2025-09-04 21:44:00] Detected ADDED: vendor\lightbox2\js\lightbox-plus-jquery.min.map
[2025-09-04 21:44:00] Detected ADDED: vendor\lightbox2\js\lightbox.js
[2025-09-04 21:44:00] Detected ADDED: vendor\lightbox2\js\lightbox.min.js
[2025-09-04 21:44:00] Detected ADDED: vendor\lightbox2\js\lightbox.min.map
[2025-09-04 21:44:00] Detected ADDED: vendor\MagnificPopup\jquery.magnific-popup.js
[2025-09-04 21:44:00] Detected ADDED: vendor\MagnificPopup\jquery.magnific-popup.min.js
[2025-09-04 21:44:01] Detected ADDED: vendor\MagnificPopup\magnific-popup.css
[2025-09-04 21:44:02] Detected ADDED: vendor\parallax100\parallax100.js
[2025-09-04 21:44:02] Detected ADDED: vendor\perfect-scrollbar\perfect-scrollbar.css
[2025-09-04 21:44:02] Detected ADDED: vendor\perfect-scrollbar\perfect-scrollbar.min.js
[2025-09-04 21:44:02] Detected ADDED: vendor\select2\select2.css
[2025-09-04 21:44:02] Detected ADDED: vendor\select2\select2.js
[2025-09-04 21:44:02] Detected ADDED: vendor\select2\select2.min.css
[2025-09-04 21:44:02] Detected ADDED: vendor\select2\select2.min.js
[2025-09-04 21:44:02] Detected ADDED: vendor\slick\ajax-loader.gif
[2025-09-04 21:44:02] Detected ADDED: vendor\slick\config.rb
[2025-09-04 21:44:02] Detected ADDED: vendor\slick\fonts\slick.eot
[2025-09-04 21:44:02] Detected ADDED: vendor\slick\fonts\slick.svg
[2025-09-04 21:44:02] Detected ADDED: vendor\slick\fonts\slick.ttf
[2025-09-04 21:44:02] Detected ADDED: vendor\slick\fonts\slick.woff
[2025-09-04 21:44:02] Detected ADDED: vendor\slick\slick-theme.css
[2025-09-04 21:44:02] Detected ADDED: vendor\slick\slick-theme.less
[2025-09-04 21:44:02] Detected ADDED: vendor\slick\slick-theme.scss
[2025-09-04 21:44:02] Detected ADDED: vendor\slick\slick.css
[2025-09-04 21:44:02] Detected ADDED: vendor\slick\slick.js
[2025-09-04 21:44:02] Detected ADDED: vendor\slick\slick.less
[2025-09-04 21:44:02] Detected ADDED: vendor\slick\slick.min.js
[2025-09-04 21:44:02] Detected ADDED: vendor\slick\slick.scss
[2025-09-04 21:44:02] Detected ADDED: vendor\sweetalert\sweetalert.min.js
[2025-09-04 21:44:02] Changes detected. Proceeding with GitHub sync...
[2025-09-04 21:44:02] Fetching ref SHA for branch: main
[2025-09-04 21:44:06] GitHub API Error for GET https://api.github.com/repos/varsitymarket-technologies/web_agency/git/refs/heads/main (HTTP 401): Bad credentials
[2025-09-04 21:44:06] GitHub API Response Body: {"message":"Bad credentials","documentation_url":"https://docs.github.com/rest","status":"401"}
[2025-09-04 21:44:07] Failed to get ref SHA for branch main. Response: false
[2025-09-04 21:44:07] CRITICAL ERROR: Could not get current branch SHA for 'main'. This usually means the branch does not exist or the repository is empty.
[2025-09-04 21:44:07] Please ensure your GitHub repository has at least one commit on the 'main' branch.
